5,100,500,101,2,3
5,100,500,102,3,4
5,100,500,103,1,1
5,100,500,104,104,2
5,100,500,107,2,8
